Copyright 1986-2022 Xilinx, Inc. All Rights Reserved. Copyright 2022-2024 Advanced Micro Devices, Inc. All Rights Reserved.
---------------------------------------------------------------------------------------------------------------------------------------------
| Tool Version : Vivado v.2024.2 (win64) Build 5239630 Fri Nov 08 22:35:27 MST 2024
| Date         : Fri Dec  5 10:28:40 2025
| Host         : Stefi running 64-bit major release  (build 9200)
| Command      : report_control_sets -verbose -file cusum_top_control_sets_placed.rpt
| Design       : cusum_top
| Device       : xc7a35t
---------------------------------------------------------------------------------------------------------------------------------------------

Control Set Information

Table of Contents
-----------------
1. Summary
2. Histogram
3. Flip-Flop Distribution
4. Detailed Control Set Information

1. Summary
----------

+----------------------------------------------------------+-------+
|                          Status                          | Count |
+----------------------------------------------------------+-------+
| Total control sets                                       |    50 |
|    Minimum number of control sets                        |    50 |
|    Addition due to synthesis replication                 |     0 |
|    Addition due to physical synthesis replication        |     0 |
| Unused register locations in slices containing registers |   164 |
+----------------------------------------------------------+-------+
* Control sets can be merged at opt_design using control_set_merge or merge_equivalent_drivers
** Run report_qor_suggestions for automated merging and remapping suggestions


2. Histogram
------------

+--------------------+-------+
|       Fanout       | Count |
+--------------------+-------+
| Total control sets |    50 |
| >= 0 to < 4        |    12 |
| >= 4 to < 6        |     4 |
| >= 6 to < 8        |     7 |
| >= 8 to < 10       |     0 |
| >= 10 to < 12      |     0 |
| >= 12 to < 14      |    20 |
| >= 14 to < 16      |     0 |
| >= 16              |     7 |
+--------------------+-------+
* Control sets can be remapped at either synth_design or opt_design


3. Flip-Flop Distribution
-------------------------

+--------------+-----------------------+------------------------+-----------------+--------------+
| Clock Enable | Synchronous Set/Reset | Asynchronous Set/Reset | Total Registers | Total Slices |
+--------------+-----------------------+------------------------+-----------------+--------------+
| No           | No                    | No                     |             117 |           33 |
| No           | No                    | Yes                    |               0 |            0 |
| No           | Yes                   | No                     |             102 |           40 |
| Yes          | No                    | No                     |             193 |           40 |
| Yes          | No                    | Yes                    |               0 |            0 |
| Yes          | Yes                   | No                     |             240 |           76 |
+--------------+-----------------------+------------------------+-----------------+--------------+


4. Detailed Control Set Information
-----------------------------------

+-----------------+-------------------------------------------------------------------------------------------------------------------------+-----------------------------------------------------------------------------------------+------------------+----------------+--------------+
|   Clock Signal  |                                                      Enable Signal                                                      |                                     Set/Reset Signal                                    | Slice Load Count | Bel Load Count | Bels / Slice |
+-----------------+-------------------------------------------------------------------------------------------------------------------------+-----------------------------------------------------------------------------------------+------------------+----------------+--------------+
|  aclk_IBUF_BUFG | THRESH_inst/gP_valid_i0__0                                                                                              |                                                                                         |                1 |              1 |         1.00 |
|  aclk_IBUF_BUFG |                                                                                                                         | FIFO9_inst/inst/gen_fifo.xpm_fifo_axis_inst/xpm_fifo_base_inst/xpm_fifo_rst_inst/rst_i  |                1 |              3 |         3.00 |
|  aclk_IBUF_BUFG |                                                                                                                         | FIFO2_inst/inst/gen_fifo.xpm_fifo_axis_inst/xpm_fifo_base_inst/xpm_fifo_rst_inst/rst_i  |                1 |              3 |         3.00 |
|  aclk_IBUF_BUFG |                                                                                                                         | FIFO3_inst/inst/gen_fifo.xpm_fifo_axis_inst/xpm_fifo_base_inst/xpm_fifo_rst_inst/rst_i  |                1 |              3 |         3.00 |
|  aclk_IBUF_BUFG |                                                                                                                         | FIFO4_inst/inst/gen_fifo.xpm_fifo_axis_inst/xpm_fifo_base_inst/xpm_fifo_rst_inst/rst_i  |                1 |              3 |         3.00 |
|  aclk_IBUF_BUFG |                                                                                                                         | FIFO5_inst/inst/gen_fifo.xpm_fifo_axis_inst/xpm_fifo_base_inst/xpm_fifo_rst_inst/rst_i  |                1 |              3 |         3.00 |
|  aclk_IBUF_BUFG |                                                                                                                         | FIFO6_inst/inst/gen_fifo.xpm_fifo_axis_inst/xpm_fifo_base_inst/xpm_fifo_rst_inst/rst_i  |                1 |              3 |         3.00 |
|  aclk_IBUF_BUFG |                                                                                                                         | FIFO7_inst/inst/gen_fifo.xpm_fifo_axis_inst/xpm_fifo_base_inst/xpm_fifo_rst_inst/rst_i  |                1 |              3 |         3.00 |
|  aclk_IBUF_BUFG |                                                                                                                         | FIFO8_inst/inst/gen_fifo.xpm_fifo_axis_inst/xpm_fifo_base_inst/xpm_fifo_rst_inst/rst_i  |                2 |              3 |         1.50 |
|  aclk_IBUF_BUFG |                                                                                                                         | FIFO11_inst/inst/gen_fifo.xpm_fifo_axis_inst/xpm_fifo_base_inst/xpm_fifo_rst_inst/rst_i |                1 |              3 |         3.00 |
|  aclk_IBUF_BUFG |                                                                                                                         | FIFO10_inst/inst/gen_fifo.xpm_fifo_axis_inst/xpm_fifo_base_inst/xpm_fifo_rst_inst/rst_i |                1 |              3 |         3.00 |
|  aclk_IBUF_BUFG |                                                                                                                         | FIFO1_inst/inst/gen_fifo.xpm_fifo_axis_inst/xpm_fifo_base_inst/xpm_fifo_rst_inst/rst_i  |                1 |              3 |         3.00 |
|  aclk_IBUF_BUFG |                                                                                                                         | FIFO4_inst/inst/gen_fifo.xpm_fifo_axis_inst/xpm_fifo_base_inst/xpm_fifo_rst_inst/Q[0]   |                2 |              5 |         2.50 |
|  aclk_IBUF_BUFG |                                                                                                                         | FIFO5_inst/inst/gen_fifo.xpm_fifo_axis_inst/xpm_fifo_base_inst/xpm_fifo_rst_inst/Q[0]   |                2 |              5 |         2.50 |
|  aclk_IBUF_BUFG |                                                                                                                         | FIFO11_inst/inst/gen_fifo.xpm_fifo_axis_inst/xpm_fifo_base_inst/xpm_fifo_rst_inst/Q[0]  |                2 |              5 |         2.50 |
|  aclk_IBUF_BUFG |                                                                                                                         | FIFO10_inst/inst/gen_fifo.xpm_fifo_axis_inst/xpm_fifo_base_inst/xpm_fifo_rst_inst/Q[0]  |                2 |              5 |         2.50 |
|  aclk_IBUF_BUFG |                                                                                                                         | FIFO2_inst/inst/gen_fifo.xpm_fifo_axis_inst/xpm_fifo_base_inst/xpm_fifo_rst_inst/Q[0]   |                3 |              7 |         2.33 |
|  aclk_IBUF_BUFG |                                                                                                                         | FIFO3_inst/inst/gen_fifo.xpm_fifo_axis_inst/xpm_fifo_base_inst/xpm_fifo_rst_inst/Q[0]   |                2 |              7 |         3.50 |
|  aclk_IBUF_BUFG |                                                                                                                         | FIFO9_inst/inst/gen_fifo.xpm_fifo_axis_inst/xpm_fifo_base_inst/xpm_fifo_rst_inst/Q[0]   |                3 |              7 |         2.33 |
|  aclk_IBUF_BUFG |                                                                                                                         | FIFO6_inst/inst/gen_fifo.xpm_fifo_axis_inst/xpm_fifo_base_inst/xpm_fifo_rst_inst/Q[0]   |                4 |              7 |         1.75 |
|  aclk_IBUF_BUFG |                                                                                                                         | FIFO7_inst/inst/gen_fifo.xpm_fifo_axis_inst/xpm_fifo_base_inst/xpm_fifo_rst_inst/Q[0]   |                2 |              7 |         3.50 |
|  aclk_IBUF_BUFG |                                                                                                                         | FIFO8_inst/inst/gen_fifo.xpm_fifo_axis_inst/xpm_fifo_base_inst/xpm_fifo_rst_inst/Q[0]   |                3 |              7 |         2.33 |
|  aclk_IBUF_BUFG |                                                                                                                         | FIFO1_inst/inst/gen_fifo.xpm_fifo_axis_inst/xpm_fifo_base_inst/xpm_fifo_rst_inst/Q[0]   |                3 |              7 |         2.33 |
|  aclk_IBUF_BUFG | FIFO2_inst/inst/gen_fifo.xpm_fifo_axis_inst/xpm_fifo_base_inst/rdp_inst/FSM_sequential_gen_fwft.curr_fwft_state_reg[1]  | FIFO2_inst/inst/gen_fifo.xpm_fifo_axis_inst/xpm_fifo_base_inst/xpm_fifo_rst_inst/Q[0]   |                4 |             12 |         3.00 |
|  aclk_IBUF_BUFG | FIFO2_inst/inst/gen_fifo.xpm_fifo_axis_inst/xpm_fifo_base_inst/xpm_fifo_rst_inst/E[0]                                   | FIFO2_inst/inst/gen_fifo.xpm_fifo_axis_inst/xpm_fifo_base_inst/xpm_fifo_rst_inst/Q[0]   |                4 |             12 |         3.00 |
|  aclk_IBUF_BUFG | FIFO3_inst/inst/gen_fifo.xpm_fifo_axis_inst/xpm_fifo_base_inst/rdp_inst/FSM_sequential_gen_fwft.curr_fwft_state_reg[1]  | FIFO3_inst/inst/gen_fifo.xpm_fifo_axis_inst/xpm_fifo_base_inst/xpm_fifo_rst_inst/Q[0]   |                4 |             12 |         3.00 |
|  aclk_IBUF_BUFG | FIFO3_inst/inst/gen_fifo.xpm_fifo_axis_inst/xpm_fifo_base_inst/xpm_fifo_rst_inst/E[0]                                   | FIFO3_inst/inst/gen_fifo.xpm_fifo_axis_inst/xpm_fifo_base_inst/xpm_fifo_rst_inst/Q[0]   |                4 |             12 |         3.00 |
|  aclk_IBUF_BUFG | FIFO9_inst/inst/gen_fifo.xpm_fifo_axis_inst/xpm_fifo_base_inst/rdp_inst/FSM_sequential_gen_fwft.curr_fwft_state_reg[1]  | FIFO9_inst/inst/gen_fifo.xpm_fifo_axis_inst/xpm_fifo_base_inst/xpm_fifo_rst_inst/Q[0]   |                4 |             12 |         3.00 |
|  aclk_IBUF_BUFG | FIFO9_inst/inst/gen_fifo.xpm_fifo_axis_inst/xpm_fifo_base_inst/xpm_fifo_rst_inst/E[0]                                   | FIFO9_inst/inst/gen_fifo.xpm_fifo_axis_inst/xpm_fifo_base_inst/xpm_fifo_rst_inst/Q[0]   |                3 |             12 |         4.00 |
|  aclk_IBUF_BUFG | FIFO11_inst/inst/gen_fifo.xpm_fifo_axis_inst/xpm_fifo_base_inst/rdp_inst/FSM_sequential_gen_fwft.curr_fwft_state_reg[1] | FIFO11_inst/inst/gen_fifo.xpm_fifo_axis_inst/xpm_fifo_base_inst/xpm_fifo_rst_inst/Q[0]  |                4 |             12 |         3.00 |
|  aclk_IBUF_BUFG | FIFO4_inst/inst/gen_fifo.xpm_fifo_axis_inst/xpm_fifo_base_inst/rdp_inst/FSM_sequential_gen_fwft.curr_fwft_state_reg[1]  | FIFO4_inst/inst/gen_fifo.xpm_fifo_axis_inst/xpm_fifo_base_inst/xpm_fifo_rst_inst/Q[0]   |                4 |             12 |         3.00 |
|  aclk_IBUF_BUFG | FIFO6_inst/inst/gen_fifo.xpm_fifo_axis_inst/xpm_fifo_base_inst/rdp_inst/FSM_sequential_gen_fwft.curr_fwft_state_reg[1]  | FIFO6_inst/inst/gen_fifo.xpm_fifo_axis_inst/xpm_fifo_base_inst/xpm_fifo_rst_inst/Q[0]   |                5 |             12 |         2.40 |
|  aclk_IBUF_BUFG | FIFO6_inst/inst/gen_fifo.xpm_fifo_axis_inst/xpm_fifo_base_inst/xpm_fifo_rst_inst/E[0]                                   | FIFO6_inst/inst/gen_fifo.xpm_fifo_axis_inst/xpm_fifo_base_inst/xpm_fifo_rst_inst/Q[0]   |                3 |             12 |         4.00 |
|  aclk_IBUF_BUFG | FIFO5_inst/inst/gen_fifo.xpm_fifo_axis_inst/xpm_fifo_base_inst/rdp_inst/FSM_sequential_gen_fwft.curr_fwft_state_reg[1]  | FIFO5_inst/inst/gen_fifo.xpm_fifo_axis_inst/xpm_fifo_base_inst/xpm_fifo_rst_inst/Q[0]   |                4 |             12 |         3.00 |
|  aclk_IBUF_BUFG | FIFO7_inst/inst/gen_fifo.xpm_fifo_axis_inst/xpm_fifo_base_inst/rdp_inst/FSM_sequential_gen_fwft.curr_fwft_state_reg[1]  | FIFO7_inst/inst/gen_fifo.xpm_fifo_axis_inst/xpm_fifo_base_inst/xpm_fifo_rst_inst/Q[0]   |                4 |             12 |         3.00 |
|  aclk_IBUF_BUFG | FIFO7_inst/inst/gen_fifo.xpm_fifo_axis_inst/xpm_fifo_base_inst/xpm_fifo_rst_inst/E[0]                                   | FIFO7_inst/inst/gen_fifo.xpm_fifo_axis_inst/xpm_fifo_base_inst/xpm_fifo_rst_inst/Q[0]   |                4 |             12 |         3.00 |
|  aclk_IBUF_BUFG | FIFO8_inst/inst/gen_fifo.xpm_fifo_axis_inst/xpm_fifo_base_inst/rdp_inst/FSM_sequential_gen_fwft.curr_fwft_state_reg[1]  | FIFO8_inst/inst/gen_fifo.xpm_fifo_axis_inst/xpm_fifo_base_inst/xpm_fifo_rst_inst/Q[0]   |                3 |             12 |         4.00 |
|  aclk_IBUF_BUFG | FIFO8_inst/inst/gen_fifo.xpm_fifo_axis_inst/xpm_fifo_base_inst/xpm_fifo_rst_inst/E[0]                                   | FIFO8_inst/inst/gen_fifo.xpm_fifo_axis_inst/xpm_fifo_base_inst/xpm_fifo_rst_inst/Q[0]   |                4 |             12 |         3.00 |
|  aclk_IBUF_BUFG | FIFO11_inst/inst/gen_fifo.xpm_fifo_axis_inst/xpm_fifo_base_inst/xpm_fifo_rst_inst/E[0]                                  | FIFO11_inst/inst/gen_fifo.xpm_fifo_axis_inst/xpm_fifo_base_inst/xpm_fifo_rst_inst/Q[0]  |                4 |             12 |         3.00 |
|  aclk_IBUF_BUFG | FIFO10_inst/inst/gen_fifo.xpm_fifo_axis_inst/xpm_fifo_base_inst/rdp_inst/FSM_sequential_gen_fwft.curr_fwft_state_reg[1] | FIFO10_inst/inst/gen_fifo.xpm_fifo_axis_inst/xpm_fifo_base_inst/xpm_fifo_rst_inst/Q[0]  |                4 |             12 |         3.00 |
|  aclk_IBUF_BUFG | FIFO10_inst/inst/gen_fifo.xpm_fifo_axis_inst/xpm_fifo_base_inst/xpm_fifo_rst_inst/E[0]                                  | FIFO10_inst/inst/gen_fifo.xpm_fifo_axis_inst/xpm_fifo_base_inst/xpm_fifo_rst_inst/Q[0]  |                3 |             12 |         4.00 |
|  aclk_IBUF_BUFG | FIFO1_inst/inst/gen_fifo.xpm_fifo_axis_inst/xpm_fifo_base_inst/rdp_inst/FSM_sequential_gen_fwft.curr_fwft_state_reg[1]  | FIFO1_inst/inst/gen_fifo.xpm_fifo_axis_inst/xpm_fifo_base_inst/xpm_fifo_rst_inst/Q[0]   |                4 |             12 |         3.00 |
|  aclk_IBUF_BUFG | FIFO1_inst/inst/gen_fifo.xpm_fifo_axis_inst/xpm_fifo_base_inst/xpm_fifo_rst_inst/E[0]                                   | FIFO1_inst/inst/gen_fifo.xpm_fifo_axis_inst/xpm_fifo_base_inst/xpm_fifo_rst_inst/Q[0]   |                3 |             12 |         4.00 |
|  aclk_IBUF_BUFG | THRESH_inst/gP_reg[31]_i_1_n_0                                                                                          |                                                                                         |                5 |             32 |         6.40 |
|  aclk_IBUF_BUFG | SUB4_inst/E[0]                                                                                                          |                                                                                         |                8 |             32 |         4.00 |
|  aclk_IBUF_BUFG | THRESH_inst/gM_reg[31]_i_1_n_0                                                                                          |                                                                                         |                7 |             32 |         4.57 |
|  aclk_IBUF_BUFG | SUB3_inst/E[0]                                                                                                          |                                                                                         |                8 |             32 |         4.00 |
|  aclk_IBUF_BUFG | MAX1_inst/m_axis_tready                                                                                                 |                                                                                         |                4 |             32 |         8.00 |
|  aclk_IBUF_BUFG | MAX2_inst/m_axis_tready                                                                                                 |                                                                                         |                7 |             32 |         4.57 |
|  aclk_IBUF_BUFG |                                                                                                                         |                                                                                         |               33 |            117 |         3.55 |
+-----------------+-------------------------------------------------------------------------------------------------------------------------+-----------------------------------------------------------------------------------------+------------------+----------------+--------------+


